> Task :build-logic:convention:checkKotlinGradlePluginConfigurationErrors SKIPPED

> Task :build-logic:convention:compileKotlin UP-TO-DATE
Kotlin does not yet support 26 JDK target, falling back to Kotlin JVM_25 JVM target

> Task :build-logic:convention:compileJava NO-SOURCE
> Task :build-logic:convention:pluginDescriptors UP-TO-DATE
> Task :build-logic:convention:processResources UP-TO-DATE
> Task :build-logic:convention:classes UP-TO-DATE
> Task :build-logic:convention:jar UP-TO-DATE

> Configure project :app
Kotlin does not yet support 26 JDK target, falling back to Kotlin JVM_25 JVM target
WARNING: The option setting 'android.lint.useK2Uast=true' is experimental.

> Task :common:download:preBuild UP-TO-DATE
> Task :common:pages:preBuild UP-TO-DATE
> Task :common:download:preReleaseBuild UP-TO-DATE
> Task :common:di:preBuild UP-TO-DATE
> Task :common:analytics:checkKotlinGradlePluginConfigurationErrors SKIPPED
> Task :common:pages:preReleaseBuild UP-TO-DATE
> Task :app:preBuild UP-TO-DATE
> Task :common:di:preReleaseBuild UP-TO-DATE
> Task :app:preMadaniDebugBuild UP-TO-DATE
> Task :common:bookmark:preBuild UP-TO-DATE
> Task :common:audio:preBuild UP-TO-DATE
> Task :feature:analytics-noop:checkKotlinGradlePluginConfigurationErrors SKIPPED
> Task :common:reading:checkKotlinGradlePluginConfigurationErrors SKIPPED
> Task :common:preference:preBuild UP-TO-DATE
> Task :common:data:checkKotlinGradlePluginConfigurationErrors SKIPPED
> Task :common:networking:preBuild UP-TO-DATE
> Task :common:bookmark:preReleaseBuild UP-TO-DATE
> Task :common:download:processReleaseNavigationResources UP-TO-DATE
> Task :common:audio:preReleaseBuild UP-TO-DATE
> Task :common:di:processReleaseNavigationResources UP-TO-DATE
> Task :common:pages:processReleaseNavigationResources UP-TO-DATE
> Task :common:networking:preReleaseBuild UP-TO-DATE
> Task :common:preference:preReleaseBuild UP-TO-DATE
> Task :app:generateMadaniDebugBuildConfig UP-TO-DATE
> Task :common:recitation:preBuild UP-TO-DATE
> Task :feature:analytics-noop:processResources NO-SOURCE
> Task :common:reading:processResources NO-SOURCE
> Task :common:recitation:preReleaseBuild UP-TO-DATE
> Task :common:search:preBuild UP-TO-DATE
> Task :common:search:preReleaseBuild UP-TO-DATE
> Task :common:translation:preBuild UP-TO-DATE
> Task :common:toolbar:preBuild UP-TO-DATE
> Task :common:bookmark:processReleaseNavigationResources UP-TO-DATE
> Task :common:upgrade:preBuild UP-TO-DATE
> Task :common:translation:preReleaseBuild UP-TO-DATE
> Task :common:audio:processReleaseNavigationResources UP-TO-DATE
> Task :common:preference:processReleaseNavigationResources UP-TO-DATE
> Task :common:toolbar:preReleaseBuild UP-TO-DATE
> Task :common:recitation:processReleaseNavigationResources UP-TO-DATE
> Task :common:search:processReleaseNavigationResources UP-TO-DATE
> Task :common:networking:processReleaseNavigationResources UP-TO-DATE
> Task :feature:audiobar:preBuild UP-TO-DATE
> Task :feature:audio:preBuild UP-TO-DATE
> Task :feature:audiobar:preReleaseBuild UP-TO-DATE
> Task :feature:downloadmanager:preBuild UP-TO-DATE
> Task :feature:qarilist:preBuild UP-TO-DATE
> Task :app:generateMadaniDebugDatabaseInterface NO-SOURCE
> Task :feature:autoquran:preBuild UP-TO-DATE
> Task :feature:downloadmanager:preReleaseBuild UP-TO-DATE
> Task :common:upgrade:preReleaseBuild UP-TO-DATE
> Task :feature:recitation:preBuild UP-TO-DATE
> Task :feature:qarilist:preReleaseBuild UP-TO-DATE
> Task :feature:audio:preReleaseBuild UP-TO-DATE
> Task :feature:autoquran:preReleaseBuild UP-TO-DATE
> Task :feature:recitation:preReleaseBuild UP-TO-DATE
> Task :common:toolbar:processReleaseNavigationResources UP-TO-DATE
> Task :common:translation:processReleaseNavigationResources UP-TO-DATE
> Task :feature:qarilist:processReleaseNavigationResources UP-TO-DATE
> Task :feature:audio:processReleaseNavigationResources UP-TO-DATE
> Task :feature:audiobar:processReleaseNavigationResources UP-TO-DATE
> Task :pages:madani:preBuild UP-TO-DATE
> Task :common:upgrade:processReleaseNavigationResources UP-TO-DATE
> Task :feature:autoquran:processReleaseNavigationResources UP-TO-DATE
> Task :pages:common:madani:preBuild UP-TO-DATE
> Task :pages:data:madani:preBuild UP-TO-DATE
> Task :feature:downloadmanager:processReleaseNavigationResources UP-TO-DATE
> Task :app:generateMadaniDebugResValues UP-TO-DATE
> Task :pages:madani:preReleaseBuild UP-TO-DATE
> Task :pages:data:madani:preReleaseBuild UP-TO-DATE
> Task :common:ui:core:preBuild UP-TO-DATE
> Task :pages:common:madani:preReleaseBuild UP-TO-DATE
> Task :feature:recitation:processReleaseNavigationResources UP-TO-DATE
> Task :common:di:generateReleaseResources UP-TO-DATE
> Task :common:ui:core:preReleaseBuild UP-TO-DATE
> Task :common:download:generateReleaseResources UP-TO-DATE
> Task :common:audio:generateReleaseResources UP-TO-DATE
> Task :pages:data:madani:processReleaseNavigationResources UP-TO-DATE
> Task :pages:common:madani:processReleaseNavigationResources UP-TO-DATE
> Task :pages:madani:processReleaseNavigationResources UP-TO-DATE
> Task :common:ui:core:processReleaseNavigationResources UP-TO-DATE
> Task :app:generateMadaniDebugResources UP-TO-DATE
> Task :common:pages:generateReleaseResources UP-TO-DATE
> Task :common:di:packageReleaseResources UP-TO-DATE
> Task :common:search:generateReleaseResources UP-TO-DATE
> Task :app:packageMadaniDebugResources UP-TO-DATE
> Task :common:preference:generateReleaseResources UP-TO-DATE
> Task :common:audio:packageReleaseResources UP-TO-DATE
> Task :common:networking:generateReleaseResources UP-TO-DATE
> Task :common:download:packageReleaseResources UP-TO-DATE
> Task :common:recitation:generateReleaseResources UP-TO-DATE
> Task :common:networking:packageReleaseResources UP-TO-DATE
> Task :common:pages:packageReleaseResources UP-TO-DATE
> Task :common:search:packageReleaseResources UP-TO-DATE
> Task :common:recitation:packageReleaseResources UP-TO-DATE
> Task :common:preference:packageReleaseResources UP-TO-DATE
> Task :common:download:parseReleaseLocalResources UP-TO-DATE
> Task :common:audio:parseReleaseLocalResources UP-TO-DATE
> Task :common:di:parseReleaseLocalResources UP-TO-DATE
> Task :common:networking:parseReleaseLocalResources UP-TO-DATE
> Task :common:di:generateReleaseRFile UP-TO-DATE
> Task :common:audio:generateReleaseRFile UP-TO-DATE
> Task :common:download:generateReleaseRFile UP-TO-DATE
> Task :common:audio:javaPreCompileRelease UP-TO-DATE
> Task :common:download:javaPreCompileRelease UP-TO-DATE
> Task :common:pages:parseReleaseLocalResources UP-TO-DATE
> Task :common:networking:generateReleaseRFile UP-TO-DATE
> Task :common:toolbar:generateReleaseResources UP-TO-DATE
> Task :common:translation:generateReleaseResources UP-TO-DATE
> Task :common:search:parseReleaseLocalResources UP-TO-DATE
> Task :common:pages:generateReleaseRFile UP-TO-DATE
> Task :common:networking:javaPreCompileRelease UP-TO-DATE
> Task :common:toolbar:packageReleaseResources UP-TO-DATE
> Task :common:recitation:parseReleaseLocalResources UP-TO-DATE
> Task :common:translation:packageReleaseResources UP-TO-DATE
> Task :common:pages:javaPreCompileRelease UP-TO-DATE
> Task :common:upgrade:generateReleaseResources UP-TO-DATE
> Task :common:search:generateReleaseRFile UP-TO-DATE
> Task :common:toolbar:parseReleaseLocalResources UP-TO-DATE
> Task :feature:audio:generateReleaseResources UP-TO-DATE
> Task :common:preference:parseReleaseLocalResources UP-TO-DATE
> Task :common:toolbar:generateReleaseRFile UP-TO-DATE
> Task :feature:audio:packageReleaseResources UP-TO-DATE
> Task :common:upgrade:packageReleaseResources UP-TO-DATE
> Task :common:recitation:generateReleaseRFile UP-TO-DATE
> Task :common:toolbar:javaPreCompileRelease UP-TO-DATE
> Task :common:recitation:javaPreCompileRelease UP-TO-DATE
> Task :feature:audiobar:generateReleaseResources UP-TO-DATE
> Task :feature:audio:parseReleaseLocalResources UP-TO-DATE
> Task :common:ui:core:generateReleaseResources UP-TO-DATE
> Task :common:upgrade:parseReleaseLocalResources UP-TO-DATE
> Task :common:translation:parseReleaseLocalResources UP-TO-DATE
> Task :common:preference:generateReleaseRFile UP-TO-DATE
> Task :feature:audio:generateReleaseRFile UP-TO-DATE
> Task :feature:audiobar:packageReleaseResources UP-TO-DATE
> Task :common:ui:core:packageReleaseResources UP-TO-DATE
> Task :common:translation:generateReleaseRFile UP-TO-DATE
> Task :common:preference:compileReleaseKotlin NO-SOURCE
> Task :common:upgrade:generateReleaseRFile UP-TO-DATE
> Task :feature:audiobar:parseReleaseLocalResources UP-TO-DATE
> Task :common:upgrade:javaPreCompileRelease UP-TO-DATE
> Task :common:preference:javaPreCompileRelease UP-TO-DATE
> Task :feature:audiobar:generateReleaseRFile UP-TO-DATE
> Task :common:ui:core:parseReleaseLocalResources UP-TO-DATE
> Task :feature:autoquran:generateReleaseResources UP-TO-DATE
> Task :common:preference:compileReleaseJavaWithJavac NO-SOURCE
> Task :feature:audiobar:javaPreCompileRelease UP-TO-DATE
> Task :feature:downloadmanager:generateReleaseResources UP-TO-DATE
> Task :common:ui:core:generateReleaseRFile UP-TO-DATE
> Task :common:preference:bundleLibCompileToJarRelease UP-TO-DATE
> Task :feature:autoquran:packageReleaseResources UP-TO-DATE
> Task :feature:qarilist:generateReleaseResources UP-TO-DATE
> Task :feature:downloadmanager:packageReleaseResources UP-TO-DATE
> Task :feature:autoquran:parseReleaseLocalResources UP-TO-DATE
> Task :feature:qarilist:packageReleaseResources UP-TO-DATE
> Task :feature:downloadmanager:parseReleaseLocalResources UP-TO-DATE
> Task :feature:qarilist:parseReleaseLocalResources UP-TO-DATE
> Task :feature:downloadmanager:generateReleaseRFile UP-TO-DATE
> Task :feature:autoquran:generateReleaseRFile UP-TO-DATE
> Task :feature:downloadmanager:javaPreCompileRelease UP-TO-DATE
> Task :feature:qarilist:generateReleaseRFile UP-TO-DATE
> Task :feature:recitation:generateReleaseResources UP-TO-DATE
> Task :feature:qarilist:javaPreCompileRelease UP-TO-DATE
> Task :pages:madani:generateReleaseResources UP-TO-DATE
> Task :feature:recitation:packageReleaseResources UP-TO-DATE
> Task :pages:madani:packageReleaseResources UP-TO-DATE
> Task :pages:madani:parseReleaseLocalResources UP-TO-DATE
> Task :feature:recitation:parseReleaseLocalResources UP-TO-DATE
> Task :pages:madani:generateReleaseRFile UP-TO-DATE
> Task :feature:recitation:generateReleaseRFile UP-TO-DATE
> Task :pages:common:madani:generateReleaseResources UP-TO-DATE
> Task :feature:recitation:javaPreCompileRelease UP-TO-DATE
> Task :pages:data:madani:generateReleaseResources UP-TO-DATE
> Task :pages:common:madani:packageReleaseResources UP-TO-DATE
> Task :pages:data:madani:packageReleaseResources UP-TO-DATE
> Task :pages:common:madani:parseReleaseLocalResources UP-TO-DATE
> Task :pages:data:madani:parseReleaseLocalResources UP-TO-DATE
> Task :pages:common:madani:generateReleaseRFile UP-TO-DATE
> Task :pages:data:madani:generateReleaseRFile UP-TO-DATE
> Task :pages:common:madani:javaPreCompileRelease UP-TO-DATE
> Task :pages:data:madani:javaPreCompileRelease UP-TO-DATE
> Task :pages:madani:javaPreCompileRelease UP-TO-DATE
> Task :common:translation:generateReleaseTranslationsDatabaseInterface UP-TO-DATE
> Task :common:bookmark:generateReleaseBookmarksDatabaseInterface UP-TO-DATE
> Task :common:bookmark:generateReleaseResources UP-TO-DATE
> Task :common:translation:javaPreCompileRelease UP-TO-DATE
> Task :common:bookmark:packageReleaseResources UP-TO-DATE
> Task :common:bookmark:parseReleaseLocalResources UP-TO-DATE
> Task :common:bookmark:generateReleaseRFile UP-TO-DATE
> Task :common:bookmark:javaPreCompileRelease UP-TO-DATE
> Task :feature:audio:javaPreCompileRelease UP-TO-DATE
> Task :feature:autoquran:javaPreCompileRelease UP-TO-DATE
> Task :common:search:compileReleaseKotlin UP-TO-DATE
> Task :common:search:javaPreCompileRelease UP-TO-DATE
> Task :common:search:compileReleaseJavaWithJavac NO-SOURCE
> Task :common:search:bundleLibCompileToJarRelease UP-TO-DATE
> Task :common:analytics:compileKotlin UP-TO-DATE
> Task :common:analytics:compileJava NO-SOURCE
> Task :common:analytics:processResources NO-SOURCE
> Task :common:analytics:classes UP-TO-DATE
> Task :common:analytics:jar UP-TO-DATE
> Task :feature:analytics-noop:compileKotlin UP-TO-DATE
> Task :feature:analytics-noop:compileJava NO-SOURCE
> Task :feature:analytics-noop:classes UP-TO-DATE
> Task :feature:analytics-noop:jar UP-TO-DATE
> Task :common:data:kspKotlin UP-TO-DATE
> Task :common:data:compileKotlin UP-TO-DATE
> Task :common:data:compileJava NO-SOURCE
> Task :common:data:processResources UP-TO-DATE
> Task :common:data:classes UP-TO-DATE
> Task :common:data:jar UP-TO-DATE
> Task :common:reading:compileKotlin UP-TO-DATE
> Task :common:reading:compileJava NO-SOURCE
> Task :common:reading:classes UP-TO-DATE
> Task :common:recitation:compileReleaseKotlin UP-TO-DATE
> Task :common:upgrade:compileReleaseKotlin UP-TO-DATE
> Task :pages:data:madani:compileReleaseKotlin UP-TO-DATE
> Task :common:reading:jar UP-TO-DATE
> Task :common:download:compileReleaseKotlin UP-TO-DATE
> Task :common:upgrade:compileReleaseJavaWithJavac NO-SOURCE
> Task :common:recitation:compileReleaseJavaWithJavac NO-SOURCE
> Task :common:recitation:bundleLibCompileToJarRelease UP-TO-DATE
> Task :common:upgrade:bundleLibCompileToJarRelease UP-TO-DATE
> Task :common:download:compileReleaseJavaWithJavac NO-SOURCE
> Task :pages:data:madani:compileReleaseJavaWithJavac NO-SOURCE
> Task :pages:data:madani:bundleLibCompileToJarRelease UP-TO-DATE
> Task :common:download:bundleLibCompileToJarRelease UP-TO-DATE
> Task :feature:recitation:compileReleaseKotlin UP-TO-DATE
> Task :feature:recitation:compileReleaseJavaWithJavac NO-SOURCE
> Task :feature:recitation:bundleLibCompileToJarRelease UP-TO-DATE
> Task :common:networking:compileReleaseKotlin UP-TO-DATE
> Task :common:networking:compileReleaseJavaWithJavac NO-SOURCE
> Task :common:pages:compileReleaseKotlin UP-TO-DATE
> Task :common:di:compileReleaseKotlin UP-TO-DATE
> Task :common:networking:bundleLibCompileToJarRelease UP-TO-DATE
> Task :common:di:javaPreCompileRelease UP-TO-DATE
> Task :common:di:compileReleaseJavaWithJavac NO-SOURCE
> Task :common:di:bundleLibCompileToJarRelease UP-TO-DATE
> Task :common:pages:compileReleaseJavaWithJavac UP-TO-DATE
> Task :common:pages:bundleLibCompileToJarRelease UP-TO-DATE
> Task :pages:common:madani:compileReleaseKotlin UP-TO-DATE
> Task :pages:common:madani:compileReleaseJavaWithJavac NO-SOURCE
> Task :pages:common:madani:bundleLibCompileToJarRelease UP-TO-DATE
> Task :common:translation:compileReleaseKotlin UP-TO-DATE
> Task :common:translation:compileReleaseJavaWithJavac NO-SOURCE
> Task :common:translation:bundleLibCompileToJarRelease UP-TO-DATE
> Task :common:audio:compileReleaseKotlin UP-TO-DATE
> Task :common:audio:compileReleaseJavaWithJavac NO-SOURCE
> Task :common:audio:bundleLibCompileToJarRelease UP-TO-DATE
> Task :pages:madani:compileReleaseKotlin UP-TO-DATE
> Task :feature:audio:kspReleaseKotlin UP-TO-DATE
> Task :pages:madani:compileReleaseJavaWithJavac NO-SOURCE
> Task :pages:madani:bundleLibCompileToJarRelease UP-TO-DATE
> Task :common:bookmark:compileReleaseKotlin UP-TO-DATE
> Task :common:bookmark:compileReleaseJavaWithJavac NO-SOURCE
> Task :common:bookmark:bundleLibCompileToJarRelease UP-TO-DATE
> Task :feature:audio:compileReleaseKotlin UP-TO-DATE
> Task :feature:audio:compileReleaseJavaWithJavac NO-SOURCE
> Task :feature:audio:bundleLibCompileToJarRelease UP-TO-DATE
> Task :common:ui:core:compileReleaseKotlin UP-TO-DATE
> Task :common:ui:core:javaPreCompileRelease UP-TO-DATE
> Task :common:ui:core:compileReleaseJavaWithJavac NO-SOURCE
> Task :common:ui:core:bundleLibCompileToJarRelease UP-TO-DATE
> Task :feature:audiobar:kspReleaseKotlin SKIPPED
> Task :feature:audiobar:compileReleaseKotlin UP-TO-DATE
> Task :common:toolbar:compileReleaseKotlin UP-TO-DATE
> Task :feature:audiobar:compileReleaseJavaWithJavac NO-SOURCE
> Task :feature:qarilist:compileReleaseKotlin UP-TO-DATE
> Task :common:toolbar:compileReleaseJavaWithJavac NO-SOURCE
> Task :feature:audiobar:bundleLibCompileToJarRelease UP-TO-DATE
> Task :feature:qarilist:compileReleaseJavaWithJavac NO-SOURCE
> Task :feature:qarilist:bundleLibCompileToJarRelease UP-TO-DATE
> Task :common:toolbar:bundleLibCompileToJarRelease UP-TO-DATE
> Task :feature:autoquran:kspReleaseKotlin UP-TO-DATE
> Task :feature:downloadmanager:compileReleaseKotlin UP-TO-DATE
> Task :feature:downloadmanager:compileReleaseJavaWithJavac NO-SOURCE
> Task :feature:downloadmanager:bundleLibCompileToJarRelease UP-TO-DATE
> Task :feature:autoquran:compileReleaseKotlin UP-TO-DATE
> Task :feature:autoquran:compileReleaseJavaWithJavac NO-SOURCE
> Task :feature:autoquran:bundleLibCompileToJarRelease UP-TO-DATE
> Task :app:processMadaniDebugNavigationResources UP-TO-DATE
> Task :app:parseMadaniDebugLocalResources UP-TO-DATE
> Task :app:generateMadaniDebugRFile UP-TO-DATE
> Task :app:kspMadaniDebugKotlin UP-TO-DATE
> Task :app:compileMadaniDebugKotlin UP-TO-DATE

[Incubating] Problems report is available at: file:///C:/xampp/htdocs/quran_android/build/reports/problems/problems-report.html

Deprecated Gradle features were used in this build, making it incompatible with Gradle 10.

You can use '--warning-mode all' to show the individual deprecation warnings and determine if they come from your own scripts or plugins.

For more on this, please refer to https://docs.gradle.org/9.5.1/userguide/command_line_interface.html#sec:command_line_warnings in the Gradle documentation.

BUILD SUCCESSFUL in 8s
203 actionable tasks: 203 up-to-date
Consider enabling configuration cache to speed up this build: https://docs.gradle.org/9.5.1/userguide/configuration_cache_enabling.html
